Cron fonctionne
Cron fonctionne
Cron fonctionne
